=== EXTRACTED ===
=== PARALLEL_ANALYSIS_COMPLETE ===
=== DEEP_ANALYSIS_COMPLETE ===
=== RECONSTRUCTION_READY ===
No Android project exists yet; generating machine-readable reconstruction manifest.
=== PROJECT_GENERATION_PENDING ===
=== AUTOMATION_HEALTHY ===
Controller completed without manual intervention.
=== EXTRACTED ===
=== PARALLEL_ANALYSIS_COMPLETE ===
=== DEEP_ANALYSIS_COMPLETE ===
=== RECONSTRUCTION_READY ===
No Android project exists yet; generating machine-readable reconstruction manifest.
=== PROJECT_GENERATION_PENDING ===
=== AUTOMATION_HEALTHY ===
Controller completed without manual intervention.
=== EXTRACTED ===
=== PARALLEL_ANALYSIS_COMPLETE ===
=== DEEP_ANALYSIS_COMPLETE ===
=== RECONSTRUCTION_READY ===
No Android project exists yet; generating machine-readable reconstruction manifest.
=== PROJECT_GENERATION_PENDING ===
=== AUTOMATION_HEALTHY ===
Controller completed without manual intervention.
=== EXTRACTED ===
=== PARALLEL_ANALYSIS_COMPLETE ===
=== DEEP_ANALYSIS_COMPLETE ===
=== RECONSTRUCTION_READY ===
No Android project exists yet; generating machine-readable reconstruction manifest.
=== PROJECT_GENERATION_PENDING ===
=== AUTOMATION_HEALTHY ===
Controller completed without manual intervention.
=== EXTRACTED ===
=== PARALLEL_ANALYSIS_COMPLETE ===
=== DEEP_ANALYSIS_COMPLETE ===
=== RECONSTRUCTION_READY ===
No Android project exists yet; generating machine-readable reconstruction manifest.
=== PROJECT_GENERATION_PENDING ===
=== AUTOMATION_HEALTHY ===
Controller completed without manual intervention.
